$ next build
Γû▓ Next.js 16.1.6 (Turbopack)

  Creating an optimized production build ...
Γ£ô Compiled successfully in 6.2s
  Running TypeScript ...
  Collecting page data using 11 workers ...
  Generating static pages using 11 workers (0/5) ...
  Generating static pages using 11 workers (1/5) 
[AniPocket] Fetching Spotlight...
[AniPocket] Fetching Trending...
[AniPocket] Fetching Latest Episodes...
[AniPocket] Fetching Top Airing...
[AniPocket] Fetching Most Popular...
[AniPocket] Fetching Most Favorite...
[AniPocket] Fetching Latest Completed...
  Generating static pages using 11 workers (2/5) 
  Generating static pages using 11 workers (3/5) 
[AniPocket] Found 10 trending items
Γ£ô Generating static pages using 11 workers (5/5) in 7.9s
  Finalizing page optimization ...

Route (app)      Revalidate  Expire
Γöî Γùï /                   10m      1y
Γö£ Γùï /_not-found
Γö£ ╞Æ /anime/[id]
Γö£ ╞Æ /search
Γöö ╞Æ /watch/[id]


Γùï  (Static)   prerendered as static content
╞Æ  (Dynamic)  server-rendered on demand

